/pydarts/addons/Colors.py
/pydarts/addons/CStrip.py
/pydarts/addons/Dmx_Server.py
/pydarts/addons/Hue_Server.py
/pydarts/addons/Listen_all.py
/pydarts/addons/Matrix_Server.py
/pydarts/addons/Other_Server.py
/pydarts/addons/StripLeds_Server.py
/pydarts/addons/TargetLeds_Server.py
/pydarts/addons/Test_Animation.py
/pydarts/addons/Test_DMD.py
/pydarts/addons/Test_Dmx_Publish.py
/pydarts/addons/Test_Hue_Publish.py
/pydarts/addons/Test_piezzo_EXTENDED_GPIO.py
/pydarts/addons/Test_piezzo_GPIO.py
/pydarts/addons/test_re.py
/pydarts/addons/Test_Strip_Publish.py
/pydarts/addons/Test_Target_Publish.py
/pydarts/games/classic/321_Zlip.py
/pydarts/games/classic/Batard.py
/pydarts/games/classic/Bermuda_Triangle.py
/pydarts/games/classic/Big6.py
/pydarts/games/classic/Bob27.py
/pydarts/games/classic/By_Fives.py
/pydarts/games/classic/Color.py
/pydarts/games/classic/Cricket.py
/pydarts/games/classic/High_Score.py
/pydarts/games/classic/Ho_One.py
/pydarts/games/classic/Kapital.py
/pydarts/games/classic/Killer.py
/pydarts/games/classic/Kinito.py
/pydarts/games/classic/Low_Score.py
/pydarts/games/classic/Mickey.py
/pydarts/games/classic/Practice.py
/pydarts/games/classic/Round_the_clock.py
/pydarts/games/classic/Scram_Cricket.py
/pydarts/games/classic/Shanghai.py
/pydarts/games/classic/Slider.py
/pydarts/games/classic/Up_Down_Count_Up.py
/pydarts/games/fun/Bingo.py
/pydarts/games/fun/Bulls.py
/pydarts/games/fun/Castle.py
/pydarts/games/fun/Challenge.py
/pydarts/games/fun/Chaos.py
/pydarts/games/fun/Conquer.py
/pydarts/games/fun/Dragon.py
/pydarts/games/fun/GameOfGoose.py
/pydarts/games/fun/Hangman.py
/pydarts/games/fun/Morpion.py
/pydarts/games/fun/Othello.py
/pydarts/games/fun/Puissance4.py
/pydarts/games/fun/Pursuit.py
/pydarts/games/fun/Risk.py
/pydarts/games/fun/Robin_Drink.py
/pydarts/games/fun/Robin_Strip.py
/pydarts/games/fun/Sabotage.py
/pydarts/games/fun/Simon.py
/pydarts/games/fun/Switch.py
/pydarts/games/fun/Target.py
/pydarts/games/fun/tmp.Castle.py
/pydarts/games/fun/Tower.py
/pydarts/games/fun/Treasure.py
/pydarts/games/fun/Voleur.py
/pydarts/games/fun/Yahtzydarts.py
/pydarts/games/sport/Balltrap.py
/pydarts/games/sport/Baseball.py
/pydarts/games/sport/Bowling.py
/pydarts/games/sport/Fighters.py
/pydarts/games/sport/Football.py
/pydarts/games/sport/Golf.py
/pydarts/games/sport/Horse.py
/pydarts/games/sport/Pingpong.py
/pydarts/games/sport/Punch-Out.py
/pydarts/games/sport/Snooker.py
/pydarts/games/sport/Tennis.py
/pydarts/images/Switch.png
/pydarts/include/CBluetooth.py
/pydarts/include/ccamera.py
/pydarts/include/ccamera_upload_GoogleDrive.py
/pydarts/include/cclient.py
/pydarts/include/cconfig.py
/pydarts/include/cdebug.py
/pydarts/include/cdmd.py
/pydarts/include/cevent.py
/pydarts/include/cfiles.py
/pydarts/include/cgame.py
/pydarts/include/cgpio_extender.py
/pydarts/include/chandicap.py
/pydarts/include/cimages.py
/pydarts/include/clocale.py
/pydarts/include/clogs.py
/pydarts/include/ColorSets.py
/pydarts/include/cplayer.py
/pydarts/include/cqrcode.py
/pydarts/include/craspberry.py
/pydarts/include/cscores.py
/pydarts/include/cscreen.py
/pydarts/include/CServer.py
/pydarts/include/cstats.py
/pydarts/include/cupdate.py
/pydarts/include/cvideos.py
/pydarts/include/net_game.py
/pydarts/locales/
/pydarts/locales/it_IT/
/pydarts/locales/it_IT/LC_MESSAGES/
/pydarts/locales/it_IT/LC_MESSAGES/pydarts.po
/pydarts/locales/it_IT/LC_MESSAGES/pydarts.mo
/pydarts/locales/en_GB/
/pydarts/locales/en_GB/LC_MESSAGES/
/pydarts/locales/en_GB/LC_MESSAGES/pydarts.po
/pydarts/locales/en_GB/LC_MESSAGES/pydarts.mo
/pydarts/locales/es_ES/
/pydarts/locales/es_ES/LC_MESSAGES/
/pydarts/locales/es_ES/LC_MESSAGES/pydarts.po
/pydarts/locales/es_ES/LC_MESSAGES/pydarts.mo
/pydarts/locales/Pour compiler
/pydarts/locales/README
/pydarts/locales/de_DE/
/pydarts/locales/de_DE/LC_MESSAGES/
/pydarts/locales/de_DE/LC_MESSAGES/pydarts.po
/pydarts/locales/de_DE/LC_MESSAGES/pydarts.mo
/pydarts/locales/fr_FR/
/pydarts/locales/fr_FR/LC_MESSAGES/
/pydarts/locales/fr_FR/LC_MESSAGES/pydarts.po
/pydarts/locales/fr_FR/LC_MESSAGES/pydarts.mo
/pydarts/raspydarts.py
/pydarts/RaspyDarts.sh
/pydarts/scripts/Active_Mouse.sh
/pydarts/scripts/Backup.sh
/pydarts/scripts/del_space.sh
/pydarts/scripts/dwagent.sh
/pydarts/scripts/Encode_mkv.sh
/pydarts/scripts/Inactive_Mouse.sh
/pydarts/scripts/Intro.sh
/pydarts/scripts/killserver.sh
/pydarts/scripts/MakeUpdate.sh
/pydarts/scripts/messages.sh
/pydarts/scripts/pdclean.sh
/pydarts/scripts/pdcompile.sh
/pydarts/scripts/pdrelease.sh
/pydarts/scripts/pdtest.sh
/pydarts/scripts/remove_r.sh
/pydarts/scripts/start_server_in_screen.sh
/pydarts/scripts/Test_Leds.sh
/pydarts/scripts/Test_speed.sh
/pydarts/scripts/update_tool.sh
/pydarts/to_delete.lst
/pydarts/VERSION
/pydarts/CHANGELOG.V4.5.1_20250806_1245
