[DEBUG] 2025-08-05 10:22:45.480912 - Found 244 leds in configuration
[DEBUG] 2025-08-05 10:22:45.483610 - Found {nb_circles} leds per Simple segment
[DEBUG] 2025-08-05 10:22:45.499670 - No custom animation found
[DEBUG] TargetLeds_Server : Starting server with following parameters
[DEBUG] TargetLeds_Server : host=localhost
[DEBUG] TargetLeds_Server : Dma channel=10
[DEBUG] TargetLeds_Server : Pin=21
[DEBUG] TargetLeds_Server : Type=grb
[DEBUG] TargetLeds_Server : Topic=raspydarts/targetLeds
[DEBUG] TargetLeds_Server : Nb pixels=244
[DEBUG] TargetLeds_Server : Brightness=0.3
[DEBUG] TargetLeds_Server : config={'S1': '139,138,137,135,134,133,132', 'S2': '69,68,67,65,64,63,62', 'S3': '49,48,47,45,44,43,42', 'S4': '119,118,117,115,114,113,112', 'S5': '150,151,152,154,156,155,157', 'S6': '99,98,97,95,94,93,92', 'S7': '220,221,222,224,226,225,227', 'S8': '200,201,202,204,206,205,207', 'S9': '170,171,172,174,176,175,177', 'S10': '89,88,87,85,84,83,82', 'S11': '199,198,197,195,194,193,192', 'S12': '169,168,167,165,164,163,162', 'S13': '100,101,102,104,106,105,107', 'S14': '189,188,187,185,184,183,182', 'S15': '70,71,72,74,76,75,77', 'S16': '219,218,217,215,214,213,212', 'S17': '50,51,52,54,56,55,57', 'S18': '120,121,122,124,126,125,127', 'S19': '239,238,237,235,234,233,232', 'S20': '149,148,147,145,144,143,142', 'D1': '131,130', 'D2': '61,60', 'D3': '41,40', 'D4': '111,110', 'D5': '159,158', 'D6': '91,90', 'D7': '229,228', 'D8': '209,208', 'D9': '179,178', 'D10': '81,80', 'D11': '191,190', 'D12': '161,160', 'D13': '109,108', 'D14': '181,180', 'D15': '79,78', 'D16': '211,210', 'D17': '59,58', 'D18': '129,128', 'D19': '231,230', 'D20': '141,140', 'T1': '136', 'T2': '66', 'T3': '46', 'T4': '116', 'T5': '153', 'T6': '96', 'T7': '223', 'T8': '203', 'T9': '173', 'T10': '86', 'T11': '196', 'T12': '166', 'T13': '103', 'T14': '186', 'T15': '73', 'T16': '216', 'T17': '53', 'T18': '123', 'T19': '236', 'T20': '146', 'E1': '18,19', 'E2': '4,5', 'E3': '0,1', 'E4': '14,15', 'E5': '22,23', 'E6': '10,11', 'E7': '36,37', 'E8': '32,33', 'E9': '26,27', 'E10': '8,9', 'E11': '30,31', 'E12': '24,25', 'E13': '12,13', 'E14': '28,29', 'E15': '6,7', 'E16': '34,35', 'E17': '2,3', 'E18': '16,17', 'E19': '38,39', 'E20': '20,21', 'SB': '240,241,242', 'DB': '243'}
[DEBUG] TargetLeds_Server : bgbrightness=10
[DEBUG] TargetLeds_Server : bgcolors=[(255, 255, 255), (255, 255, 255), (0, 0, 255), (255, 0, 0), (0, 0, 255), (255, 0, 0), (255, 0, 0), (255, 0, 0)]
[INFO] TargetLeds_Server : Connected
[DEBUG] TargetLeds_Server : Listen raspydarts/targetLeds on localhost
[DEBUG] TargetLeds_Server : Launch off
[DEBUG] TargetLeds_Server : Launch FadeRGB
[DEBUG] TargetLeds_Server : Launch Snake
[DEBUG] TargetLeds_Server : Launch Sparkle
[DEBUG] TargetLeds_Server : Launch Strobe
[DEBUG] TargetLeds_Server : Launch Alain2
[DEBUG] TargetLeds_Server : Launch Strobe
[DEBUG] TargetLeds_Server : Launch Alain2
[DEBUG] TargetLeds_Server : Launch Strobe
[DEBUG] TargetLeds_Server : Launch Alain2
[DEBUG] TargetLeds_Server : Launch Strobe
[DEBUG] TargetLeds_Server : Launch Alain2
[DEBUG] TargetLeds_Server : Launch Rainbow2
[DEBUG] TargetLeds_Server : publish Ack
[DEBUG] TargetLeds_Server : Launch quit
[DEBUG] TargetLeds_Server : Disconnect. Sleep 1s
